0.214508 -0.289095 0.268694 -0.226889 -0.299702 0.031083 0.002560 0.291426 0.116313 0.293687 -0.259037 0.242310 0.277673 0.144354 -0.063923 0.051828 0.243369 0.065903 0.189471 0.324483 -0.300159 -0.112759 -0.190934 -0.123233 -0.316076 -0.296878 -0.118593 -0.006484 -0.264429 -0.107038 0.015266 -0.133256 0.261887 0.206978 0.342507 0.109358 -0.255707 -0.211854 0.109278 0.179365 0.173961 -0.057601 0.307646 0.267836 0.286262 -0.159807 -0.223448 -0.311573 0.334750 -0.316370
