0.076130 0.000000 0.000000 0.000000 0.000000 0.000000 0.228983 0.000000 0.000000 0.000000 0.341060 0.000000 0.062822 0.017002 0.000000 0.158007 0.097657 0.000000 0.000000 0.057327
